>>> BaseGeometry = __import__('7-base_geometry').BaseGeometry
>>> bg = BaseGeometry()

# Test valid integers
>>> bg.integer_validator("age", 5)
>>> bg.integer_validator("age", 10)

# Test invalid types
>>> try:
...     bg.integer_validator("age", "John")
... except Exception as e:
...     print("[{}] {}".format(e.__class__.__name__, e))
[TypeError] age must be an integer

>>> try:
...     bg.integer_validator("age", (4,))
... except Exception as e:
...     print("[{}] {}".format(e.__class__.__name__, e))
[TypeError] age must be an integer

>>> try:
...     bg.integer_validator("age", [3])
... except Exception as e:
...     print("[{}] {}".format(e.__class__.__name__, e))
[TypeError] age must be an integer

>>> try:
...     bg.integer_validator("age", True)
... except Exception as e:
...     print("[{}] {}".format(e.__class__.__name__, e))
[TypeError] age must be an integer

>>> try:
...     bg.integer_validator("age", {3, 4})
... except Exception as e:
...     print("[{}] {}".format(e.__class__.__name__, e))
[TypeError] age must be an integer

>>> try:
...     bg.integer_validator("age", None)
... except Exception as e:
...     print("[{}] {}".format(e.__class__.__name__, e))
[TypeError] age must be an integer

# Test invalid values
>>> try:
...     bg.integer_validator("age", 0)
... except Exception as e:
...     print("[{}] {}".format(e.__class__.__name__, e))
[ValueError] age must be greater than 0

>>> try:
...     bg.integer_validator("age", -4)
... except Exception as e:
...     print("[{}] {}".format(e.__class__.__name__, e))
[ValueError] age must be greater than 0

# Test area() exception
>>> try:
...     bg.area()
... except Exception as e:
...     print("[{}] {}".format(e.__class__.__name__, e))
[Exception] area() is not implemented